<area shape="rect" href="$class_process.html" title="Process" alt="" coords="5,715,75,741">
<area shape="rect" href="$class_acl_process.html" title="AclProcess" alt="" coords="155,5,243,32">
<area shape="rect" href="$class_arp_process.html" title="ArpProcess" alt="" coords="155,56,243,83">
<area shape="rect" href="$class_cdp_process.html" title="CdpProcess" alt="" coords="153,107,244,133">
<area shape="rect" href="$class_chap_process.html" title="ChapProcess" alt="" coords="149,157,248,184">
<area shape="rect" href="$class_dhcp_client_process.html" title="DhcpClientProcess" alt="" coords="133,208,264,235">
<area shape="rect" href="$class_dhcp_server_process.html" title="DhcpServerProcess" alt="" coords="131,259,267,285">
<area shape="rect" href="$class_dns_client.html" title="DnsClient" alt="" coords="160,309,237,336">
<area shape="rect" href="$class_dns_server_process.html" title="DnsServerProcess" alt="" coords="135,360,263,387">
<area shape="rect" href="$class_eigrp_main_process.html" title="EigrpMainProcess" alt="" coords="135,411,263,437">
<area shape="rect" href="$class_http_server.html" title="HttpServer" alt="" coords="159,461,239,488">
<area shape="rect" href="$class_icmp_process.html" title="IcmpProcess" alt="" coords="151,512,247,539">
<area shape="rect" href="$class_loopback_manager.html" title="LoopbackManager" alt="" coords="135,563,263,589">
<area shape="rect" href="$class_nat_process.html" title="NatProcess" alt="" coords="155,613,243,640">
<area shape="rect" href="$class_ospf_main_process.html" title="OspfMainProcess" alt="" coords="137,664,260,691">
<area shape="rect" href="$class_p_a_p_process.html" title="PAPProcess" alt="" coords="151,715,247,741">
<area shape="rect" href="$class_ping_process.html" title="PingProcess" alt="" coords="151,765,247,792">
<area shape="rect" href="$class_port_keep_alive_process.html" title="PortKeepAliveProcess" alt="" coords="124,816,273,843">
<area shape="rect" href="$class_routing_process.html" title="RoutingProcess" alt="" coords="143,867,255,893">
<area shape="rect" href="$class_routing_protocol.html" title="RoutingProtocol" alt="" coords="143,917,255,944">
<area shape="rect" href="$class_stp_main_process.html" title="StpMainProcess" alt="" coords="140,968,257,995">
<area shape="rect" href="$class_stp_process.html" title="StpProcess" alt="" coords="155,1019,243,1045">
<area shape="rect" href="$class_telnet_client_process.html" title="TelnetClientProcess" alt="" coords="131,1069,267,1096">
<area shape="rect" href="$class_telnet_server_process.html" title="TelnetServerProcess" alt="" coords="129,1120,268,1147">
<area shape="rect" href="$class_tftp_server.html" title="TftpServer" alt="" coords="160,1171,237,1197">
<area shape="rect" href="$class_trace_route_process.html" title="TraceRouteProcess" alt="" coords="131,1221,267,1248">
<area shape="rect" href="$class_vlan_manager.html" title="VlanManager" alt="" coords="151,1272,247,1299">
<area shape="rect" href="$class_vtp_process.html" title="VtpProcess" alt="" coords="155,1323,243,1349">
<area shape="rect" href="$class_w_e_p_process.html" title="WEPProcess" alt="" coords="149,1373,248,1400">
<area shape="rect" href="$class_wireless_common.html" title="WirelessCommon" alt="" coords="137,1424,260,1451">
<area shape="rect" href="$class_frame_relay_process.html" title="FrameRelayProcess" alt="" coords="331,765,469,792">
<area shape="rect" href="$class_ppp_process.html" title="PppProcess" alt="" coords="355,816,445,843">
<area shape="rect" href="$class_eigrp_process.html" title="EigrpProcess" alt="" coords="351,867,449,893">
<area shape="rect" href="$class_ospf_process.html" title="OspfProcess" alt="" coords="352,917,448,944">
<area shape="rect" href="$class_rip_process.html" title="RipProcess" alt="" coords="356,968,444,995">
<area shape="rect" href="$class_wireless_client_process.html" title="WirelessClientProcess" alt="" coords="324,1424,476,1451">
